
rohit@ASUS MINGW64 ~/Desktop/Git
$ git clone https://github.com/rohitpatil-1234/demo.git
Cloning into 'demo'...
remote: Enumerating objects: 3, done.
remote: Counting objects: 100% (3/3), done.
remote: Total 3 (delta 0), reused 0 (delta 0), pack-reused 0
Receiving objects: 100% (3/3), done.

rohit@ASUS MINGW64 ~/Desktop/Git
$ ls
demo/

rohit@ASUS MINGW64 ~/Desktop/Git
$ cd demo

rohit@ASUS MINGW64 ~/Desktop/Git/demo (main)
$ git status
On branch main
Your branch is up to date with 'origin/main'.

nothing to commit, working tree clean

rohit@ASUS MINGW64 ~/Desktop/Git/demo (main)
$ git status
On branch main
Your branch is up to date with 'origin/main'.

Untracked files:
  (use "git add <file>..." to include in what will be committed)
        New Text Document.txt

nothing added to commit but untracked files present (use "git add" to track)

rohit@ASUS MINGW64 ~/Desktop/Git/demo (main)
$ git add ^C

rohit@ASUS MINGW64 ~/Desktop/Git/demo (main)
$ git add New Text Document.txt
fatal: pathspec 'New' did not match any files

rohit@ASUS MINGW64 ~/Desktop/Git/demo (main)
$ git status
On branch main
Your branch is up to date with 'origin/main'.

Untracked files:
  (use "git add <file>..." to include in what will be committed)
        text.txt

nothing added to commit but untracked files present (use "git add" to track)

rohit@ASUS MINGW64 ~/Desktop/Git/demo (main)
$ git add text.txt

rohit@ASUS MINGW64 ~/Desktop/Git/demo (main)
$ git status
On branch main
Your branch is up to date with 'origin/main'.

Changes to be committed:
  (use "git restore --staged <file>..." to unstage)
        new file:   text.txt


rohit@ASUS MINGW64 ~/Desktop/Git/demo (main)
$ git commit -m "added new file"
Author identity unknown

*** Please tell me who you are.

Run

  git config --global user.email "you@example.com"
  git config --global user.name "Your Name"

to set your account's default identity.
Omit --global to set the identity only in this repository.

fatal: unable to auto-detect email address (got 'rohit@ASUS.(none)')

rohit@ASUS MINGW64 ~/Desktop/Git/demo (main)
$ ^C

rohit@ASUS MINGW64 ~/Desktop/Git/demo (main)
$
^C

rohit@ASUS MINGW64 ~/Desktop/Git/demo (main)
$ git config --global user.email "rohitjitendrapatil2377@gmail.com"

rohit@ASUS MINGW64 ~/Desktop/Git/demo (main)
$ ^C

rohit@ASUS MINGW64 ~/Desktop/Git/demo (main)
$ git config --global user.name "rohitpatil-1234"

rohit@ASUS MINGW64 ~/Desktop/Git/demo (main)
$ git commit -m "added new file"
[main fd5ca56] added new file
 1 file changed, 0 insertions(+), 0 deletions(-)
 create mode 100644 text.txt

rohit@ASUS MINGW64 ~/Desktop/Git/demo (main)
$ git status
On branch main
Your branch is ahead of 'origin/main' by 1 commit.
  (use "git push" to publish your local commits)

nothing to commit, working tree clean

rohit@ASUS MINGW64 ~/Desktop/Git/demo (main)
$ git push
Enumerating objects: 4, done.
Counting objects: 100% (4/4), done.
Delta compression using up to 12 threads
Compressing objects: 100% (2/2), done.
Writing objects: 100% (3/3), 284 bytes | 284.00 KiB/s, done.
Total 3 (delta 0), reused 0 (delta 0), pack-reused 0 (from 0)
To https://github.com/rohitpatil-1234/demo.git
   1563231..fd5ca56  main -> main

rohit@ASUS MINGW64 ~/Desktop/Git/demo (main)
$ git pull
remote: Enumerating objects: 5, done.
remote: Counting objects: 100% (5/5), done.
remote: Compressing objects: 100% (2/2), done.
remote: Total 3 (delta 0), reused 0 (delta 0), pack-reused 0
Unpacking objects: 100% (3/3), 950 bytes | 190.00 KiB/s, done.
From https://github.com/rohitpatil-1234/demo
   fd5ca56..e6638ee  main       -> origin/main
Updating fd5ca56..e6638ee
Fast-forward
 text.txt | 1 +
 1 file changed, 1 insertion(+)

rohit@ASUS MINGW64 ~/Desktop/Git/demo (main)
$ git status
On branch main
Your branch is up to date with 'origin/main'.

Changes not staged for commit:
  (use "git add <file>..." to update what will be committed)
  (use "git restore <file>..." to discard changes in working directory)
        modified:   text.txt

no changes added to commit (use "git add" and/or "git commit -a")

rohit@ASUS MINGW64 ~/Desktop/Git/demo (main)
$ git add .

rohit@ASUS MINGW64 ~/Desktop/Git/demo (main)
$ git commit -m "Rohit's changes"
[main 56b1c63] Rohit's changes
 1 file changed, 2 insertions(+)

rohit@ASUS MINGW64 ~/Desktop/Git/demo (main)
$ git push
Enumerating objects: 5, done.
Counting objects: 100% (5/5), done.
Delta compression using up to 12 threads
Compressing objects: 100% (2/2), done.
Writing objects: 100% (3/3), 326 bytes | 326.00 KiB/s, done.
Total 3 (delta 0), reused 0 (delta 0), pack-reused 0 (from 0)
To https://github.com/rohitpatil-1234/demo.git
   e6638ee..56b1c63  main -> main

rohit@ASUS MINGW64 ~/Desktop/Git/demo (main)
$ ls
README.md  mydoc.docx  text.txt

rohit@ASUS MINGW64 ~/Desktop/Git/demo (main)
$ git status
On branch main
Your branch is up to date with 'origin/main'.

Untracked files:
  (use "git add <file>..." to include in what will be committed)
        mydoc.docx

nothing added to commit but untracked files present (use "git add" to track)

rohit@ASUS MINGW64 ~/Desktop/Git/demo (main)
$ git add mydoc.docx

rohit@ASUS MINGW64 ~/Desktop/Git/demo (main)
$ git status
On branch main
Your branch is up to date with 'origin/main'.

Changes to be committed:
  (use "git restore --staged <file>..." to unstage)
        new file:   mydoc.docx


rohit@ASUS MINGW64 ~/Desktop/Git/demo (main)
$ git commit -m "word file added by Rohit"
[main 76439ce] word file added by Rohit
 1 file changed, 0 insertions(+), 0 deletions(-)
 create mode 100644 mydoc.docx

rohit@ASUS MINGW64 ~/Desktop/Git/demo (main)
$ git status
On branch main
Your branch is ahead of 'origin/main' by 1 commit.
  (use "git push" to publish your local commits)

nothing to commit, working tree clean

rohit@ASUS MINGW64 ~/Desktop/Git/demo (main)
$ ls
README.md  mydoc.docx  text.txt

rohit@ASUS MINGW64 ~/Desktop/Git/demo (main)
$ git commit -m "new file"
On branch main
Your branch is ahead of 'origin/main' by 1 commit.
  (use "git push" to publish your local commits)

nothing to commit, working tree clean

rohit@ASUS MINGW64 ~/Desktop/Git/demo (main)
$ git push
Enumerating objects: 4, done.
Counting objects: 100% (4/4), done.
Delta compression using up to 12 threads
Compressing objects: 100% (2/2), done.
Writing objects: 100% (3/3), 325 bytes | 325.00 KiB/s, done.
Total 3 (delta 0), reused 0 (delta 0), pack-reused 0 (from 0)
To https://github.com/rohitpatil-1234/demo.git
   56b1c63..76439ce  main -> main

rohit@ASUS MINGW64 ~/Desktop/Git/demo (main)
$ git status
On branch main
Your branch is up to date with 'origin/main'.

nothing to commit, working tree clean

rohit@ASUS MINGW64 ~/Desktop/Git/demo (main)
$ git pull
remote: Enumerating objects: 5, done.
remote: Counting objects: 100% (5/5), done.
remote: Compressing objects: 100% (3/3), done.
remote: Total 3 (delta 0), reused 0 (delta 0), pack-reused 0
Unpacking objects: 100% (3/3), 1012 bytes | 202.00 KiB/s, done.
From https://github.com/rohitpatil-1234/demo
   76439ce..94bef48  main       -> origin/main
Updating 76439ce..94bef48
Fast-forward
 mydoc.docx | 1 +
 1 file changed, 1 insertion(+)

rohit@ASUS MINGW64 ~/Desktop/Git/demo (main)
$ git status
On branch main
Your branch is up to date with 'origin/main'.

nothing to commit, working tree clean

rohit@ASUS MINGW64 ~/Desktop/Git/demo (main)
$ ls
README.md  mydoc.docx  newtxt.txt  text.txt

rohit@ASUS MINGW64 ~/Desktop/Git/demo (main)
$ git status
On branch main
Your branch is up to date with 'origin/main'.

Untracked files:
  (use "git add <file>..." to include in what will be committed)
        newtxt.txt

nothing added to commit but untracked files present (use "git add" to track)

rohit@ASUS MINGW64 ~/Desktop/Git/demo (main)
$ git add newtxt.txt

rohit@ASUS MINGW64 ~/Desktop/Git/demo (main)
$ git status
On branch main
Your branch is up to date with 'origin/main'.

Changes to be committed:
  (use "git restore --staged <file>..." to unstage)
        new file:   newtxt.txt


rohit@ASUS MINGW64 ~/Desktop/Git/demo (main)
$ git commit -m "new file added again"
[main 0481078] new file added again
 1 file changed, 0 insertions(+), 0 deletions(-)
 create mode 100644 newtxt.txt

rohit@ASUS MINGW64 ~/Desktop/Git/demo (main)
$ git status
On branch main
Your branch is ahead of 'origin/main' by 1 commit.
  (use "git push" to publish your local commits)

nothing to commit, working tree clean

rohit@ASUS MINGW64 ~/Desktop/Git/demo (main)
$ git push
Enumerating objects: 4, done.
Counting objects: 100% (4/4), done.
Delta compression using up to 12 threads
Compressing objects: 100% (2/2), done.
Writing objects: 100% (3/3), 349 bytes | 349.00 KiB/s, done.
Total 3 (delta 0), reused 0 (delta 0), pack-reused 0 (from 0)
To https://github.com/rohitpatil-1234/demo.git
   94bef48..0481078  main -> main

rohit@ASUS MINGW64 ~/Desktop/Git/demo (main)
$ git status
On branch main
Your branch is up to date with 'origin/main'.

Changes not staged for commit:
  (use "git add <file>..." to update what will be committed)
  (use "git restore <file>..." to discard changes in working directory)
        modified:   newtxt.txt

no changes added to commit (use "git add" and/or "git commit -a")

rohit@ASUS MINGW64 ~/Desktop/Git/demo (main)
$ git push
Everything up-to-date

rohit@ASUS MINGW64 ~/Desktop/Git/demo (main)
$ git status
On branch main
Your branch is up to date with 'origin/main'.

Changes not staged for commit:
  (use "git add <file>..." to update what will be committed)
  (use "git restore <file>..." to discard changes in working directory)
        modified:   newtxt.txt

no changes added to commit (use "git add" and/or "git commit -a")

rohit@ASUS MINGW64 ~/Desktop/Git/demo (main)
$ git add .

rohit@ASUS MINGW64 ~/Desktop/Git/demo (main)
$ git commit -m "rohit's new file changes"
[main 2391b8d] rohit's new file changes
 1 file changed, 1 insertion(+)

rohit@ASUS MINGW64 ~/Desktop/Git/demo (main)
$ git push
Enumerating objects: 5, done.
Counting objects: 100% (5/5), done.
Delta compression using up to 12 threads
Compressing objects: 100% (2/2), done.
Writing objects: 100% (3/3), 279 bytes | 279.00 KiB/s, done.
Total 3 (delta 1), reused 0 (delta 0), pack-reused 0 (from 0)
remote: Resolving deltas: 100% (1/1), completed with 1 local object.
To https://github.com/rohitpatil-1234/demo.git
   0481078..2391b8d  main -> main

rohit@ASUS MINGW64 ~/Desktop/Git/demo (main)
$ git status
On branch main
Your branch is up to date with 'origin/main'.

nothing to commit, working tree clean

rohit@ASUS MINGW64 ~/Desktop/Git/demo (main)
$ git pull
remote: Enumerating objects: 5, done.
remote: Counting objects: 100% (5/5), done.
remote: Compressing objects: 100% (2/2), done.
remote: Total 3 (delta 1), reused 0 (delta 0), pack-reused 0
Unpacking objects: 100% (3/3), 926 bytes | 185.00 KiB/s, done.
From https://github.com/rohitpatil-1234/demo
   2391b8d..046cfbe  main       -> origin/main
Updating 2391b8d..046cfbe
Fast-forward
 newtxt.txt | 1 +
 1 file changed, 1 insertion(+)

rohit@ASUS MINGW64 ~/Desktop/Git/demo (main)
$ git status
On branch main
Your branch is up to date with 'origin/main'.

Changes not staged for commit:
  (use "git add <file>..." to update what will be committed)
  (use "git restore <file>..." to discard changes in working directory)
        modified:   newtxt.txt

no changes added to commit (use "git add" and/or "git commit -a")

rohit@ASUS MINGW64 ~/Desktop/Git/demo (main)
$ git add .

rohit@ASUS MINGW64 ~/Desktop/Git/demo (main)
$ git push
Everything up-to-date

rohit@ASUS MINGW64 ~/Desktop/Git/demo (main)
$ git status
On branch main
Your branch is up to date with 'origin/main'.

Changes to be committed:
  (use "git restore --staged <file>..." to unstage)
        modified:   newtxt.txt


rohit@ASUS MINGW64 ~/Desktop/Git/demo (main)
$ git commit -m "again"
[main e52dcae] again
 1 file changed, 1 insertion(+)

rohit@ASUS MINGW64 ~/Desktop/Git/demo (main)
$ git push
Enumerating objects: 5, done.
Counting objects: 100% (5/5), done.
Delta compression using up to 12 threads
Compressing objects: 100% (2/2), done.
Writing objects: 100% (3/3), 273 bytes | 273.00 KiB/s, done.
Total 3 (delta 1), reused 0 (delta 0), pack-reused 0 (from 0)
remote: Resolving deltas: 100% (1/1), completed with 1 local object.
To https://github.com/rohitpatil-1234/demo.git
   046cfbe..e52dcae  main -> main

rohit@ASUS MINGW64 ~/Desktop/Git/demo (main)
$ git status
On branch main
Your branch is up to date with 'origin/main'.

nothing to commit, working tree clean

rohit@ASUS MINGW64 ~/Desktop/Git/demo (main)
$ git pull
remote: Enumerating objects: 5, done.
remote: Counting objects: 100% (5/5), done.
remote: Compressing objects: 100% (3/3), done.
remote: Total 3 (delta 1), reused 0 (delta 0), pack-reused 0
Unpacking objects: 100% (3/3), 951 bytes | 190.00 KiB/s, done.
From https://github.com/rohitpatil-1234/demo
   e52dcae..354cd47  main       -> origin/main
Updating e52dcae..354cd47
Fast-forward
 text.txt | 1 +
 1 file changed, 1 insertion(+)

rohit@ASUS MINGW64 ~/Desktop/Git/demo (main)
$ ls
README.md  mydoc.docx  newtxt.txt  text.txt  text1.txt  text2.txt  text3.txt

rohit@ASUS MINGW64 ~/Desktop/Git/demo (main)
$ cd demo
bash: cd: demo: No such file or directory

rohit@ASUS MINGW64 ~/Desktop/Git/demo (main)
$ git status
On branch main
Your branch is up to date with 'origin/main'.

Untracked files:
  (use "git add <file>..." to include in what will be committed)
        text1.txt
        text2.txt
        text3.txt

nothing added to commit but untracked files present (use "git add" to track)

rohit@ASUS MINGW64 ~/Desktop/Git/demo (main)
$ git add text1.txt text2.txt text3.txt

rohit@ASUS MINGW64 ~/Desktop/Git/demo (main)
$ git commit -m "addding new 3 files"
[main 2906ced] addding new 3 files
 3 files changed, 0 insertions(+), 0 deletions(-)
 create mode 100644 text1.txt
 create mode 100644 text2.txt
 create mode 100644 text3.txt

rohit@ASUS MINGW64 ~/Desktop/Git/demo (main)
$ git push
Enumerating objects: 4, done.
Counting objects: 100% (4/4), done.
Delta compression using up to 12 threads
Compressing objects: 100% (2/2), done.
Writing objects: 100% (3/3), 385 bytes | 385.00 KiB/s, done.
Total 3 (delta 0), reused 0 (delta 0), pack-reused 0 (from 0)
To https://github.com/rohitpatil-1234/demo.git
   354cd47..2906ced  main -> main

rohit@ASUS MINGW64 ~/Desktop/Git/demo (main)
$
